// Jest Snapshot v1, https://goo.gl/fbAQLP

exports[`Login component renders correctly 1`] = `
<RCTSafeAreaView
  style={
    {
      "alignItems": "center",
      "backgroundColor": "#276FDD",
      "height": "100%",
      "justifyContent": "flex-start",
    }
  }
>
  <View
    style={
      {
        "alignItems": "center",
        "display": "flex",
        "flexDirection": "row",
        "justifyContent": "center",
        "right": 40,
        "top": 230,
      }
    }
  >
    <Image
      source={
        {
          "testUri": "../../../assets/Groupimage.png",
        }
      }
      style={
        {
          "height": 70,
          "width": 85,
        }
      }
    />
    <View
      style={
        {
          "borderRadius": 20,
          "borderWidth": 0,
          "elevation": 5,
          "height": 181,
          "width": 181,
        }
      }
    >
      <Text
        style={
          {
            "color": "#EDF6FF",
            "fontSize": 64,
            "paddingTop": 50,
            "textAlign": "center",
          }
        }
      >
        Uber
      </Text>
    </View>
  </View>
  <View>
    <View
      style={
        {
          "borderColor": "#fff",
          "borderRadius": 16.73,
          "borderWidth": 1,
          "display": "flex",
          "flexDirection": "row",
          "marginTop": 25,
          "top": 250,
          "width": 251,
        }
      }
    >
      <Text
        style={
          {
            "color": "#EDF6FF",
            "fontSize": 18,
            "left": 15,
            "padding": 10,
          }
        }
      >
        Move with saftey
      </Text>
      <FontAwesome
        aria-hidden="true"
        class="fa fa-car"
        name="car"
        style={
          {
            "color": "#EDF6FF",
            "fontSize": 20,
            "left": 35,
            "top": 14,
          }
        }
      />
    </View>
  </View>
  <View
    style={
      {
        "borderColor": "#fff",
        "borderRadius": 10,
        "borderWidth": 1,
        "display": "flex",
        "flexDirection": "row",
        "top": 450,
        "width": 340,
      }
    }
  >
    <View
      accessibilityState={
        {
          "busy": undefined,
          "checked": undefined,
          "disabled": undefined,
          "expanded": undefined,
          "selected": undefined,
        }
      }
      accessibilityValue={
        {
          "max": undefined,
          "min": undefined,
          "now": undefined,
          "text": undefined,
        }
      }
      accessible={true}
      collapsable={false}
      focusable={true}
      onClick={[Function]}
      onResponderGrant={[Function]}
      onResponderMove={[Function]}
      onResponderRelease={[Function]}
      onResponderTerminate={[Function]}
      onResponderTerminationRequest={[Function]}
      onStartShouldSetResponder={[Function]}
      style={
        {
          "opacity": 1,
        }
      }
    >
      <Text
        style={
          {
            "color": "#EDF6FF",
            "fontSize": 25,
            "left": 60,
            "padding": 10,
          }
        }
      >
        Get Started
      </Text>
    </View>
    <FontAwesome
      aria-hidden="true"
      class="fa fa-arrow-right"
      name="arrow-right"
      style={
        {
          "color": "#EDF6FF",
          "fontSize": 20,
          "left": 100,
          "right": 25,
          "top": 20,
        }
      }
    />
  </View>
</RCTSafeAreaView>
`;
